Microchip MPLAB XC8 Compiler V2.46

Linker command line:

-W-3 \
  --edf=C:\Program Files\Microchip\xc8\v2.46\pic\dat\20240104201356_en.msgs \
  -cn -h+dist/default/production\PIC16_Robot_Line_Color.X.production.sym \
  --cmf=dist/default/production\PIC16_Robot_Line_Color.X.production.cmf -z \
  -Q16F877A -oC:\Users\user\AppData\Local\Temp\xcAsm48.\driver_tmp_3.o \
  --defsym=__MPLAB_BUILD=1 --fixupoverflow=error \
  -Mdist/default/production/PIC16_Robot_Line_Color.X.production.map \
  --md=C:\Users\user\AppData\Local\Temp\xcAsm48.\driver_tmp_0.dat -E1 \
  -ver=XC8 Compiler --acfsm=1493 -ACODE=00h-07FFhx4 -ASTRCODE=00h-01FFFh \
  -ASTRING=00h-0FFhx32 -ACONST=00h-0FFhx32 -AENTRY=00h-0FFhx32 \
  -ACOMMON=070h-07Fh -ABANK0=020h-06Fh -ABANK1=0A0h-0EFh \
  -ABANK2=0110h-016Fh -ABANK3=0190h-01EFh \
  -ARAM=020h-06Fh,0A0h-0EFh,0110h-016Fh,0190h-01EFh \
  -AABS1=020h-07Fh,0A0h-0EFh,0110h-016Fh,0190h-01EFh -ASFR0=00h-01Fh \
  -ASFR1=080h-09Fh -ASFR2=0100h-010Fh -ASFR3=0180h-018Fh \
  -ACONFIG=02007h-02007h -DCONFIG=2 -AIDLOC=02000h-02003h -DIDLOC=2 \
  -AEEDATA=00h-0FFh/02100h -peeprom_data=EEDATA -DEEDATA=2 -DCODE=2 \
  -DSTRCODE=2 -DSTRING=2 -DCONST=2 -DENTRY=2 \
  -preset_vec=00h,intentry,sivt,init,end_init -ppowerup=CODE -pcinit=CODE \
  -pfunctab=ENTRY -k \
  C:\Users\user\AppData\Local\Temp\xcAsm48.\driver_tmp_12.o \
  dist/default/production\PIC16_Robot_Line_Color.X.production.o 

Object code version is 3.11

Machine type is 16F877A



                Name                               Link     Load   Length Selector   Space Scale
C:\Users\user\AppData\Local\Temp\xcAsm48.\driver_tmp_12.o
                end_init                              0        0        3        0       0
                config                             2007     2007        1        0       4
dist/default/production\PIC16_Robot_Line_Color.X.production.o
                cinit                               7F8      7F8        8      FF0       0
                config                             2007     2007        1        0       4
                text20                              49C      49C        D      938       0
                text19                              4A9      4A9        D      952       0
                text18                              469      469        9      8D2       0
                text17                              472      472        9      8E4       0
                text16                              4B6      4B6       10      96C       0
                text15                              521      521       55      A42       0
                text14                              484      484        C      908       0
                text13                              47B      47B        9      8F6       0
                text12                              490      490        C      920       0
                text11                              4C6      4C6       17      98C       0
                text10                              611      611       BF      C22       0
                text9                               43F      43F        7      87E       0
                text8                               446      446        7      88C       0
                text7                               44D      44D        7      89A       0
                text6                               454      454        7      8A8       0
                text5                               45B      45B        7      8B6       0
                text4                               576      576       9B      AEC       0
                text3                               4FD      4FD       24      9FA       0
                text2                               4DD      4DD       20      9BA       0
                text1                               462      462        7      8C4       0
                maintext                            6D0      6D0      128      DA0       0
                cstackBANK0                          20       20        A       20       1
                cstackCOMMON                         70       70        D       70       1
                bssBANK0                             2A       2A        2       20       1

TOTAL           Name                               Link     Load   Length     Space
        CLASS   CODE           
                end_init                              0        0        3         0
                cinit                               7F8      7F8        8         0
                text20                              49C      49C        D         0
                text19                              4A9      4A9        D         0
                text18                              469      469        9         0
                text17                              472      472        9         0
                text16                              4B6      4B6       10         0
                text15                              521      521       55         0
                text14                              484      484        C         0
                text13                              47B      47B        9         0
                text12                              490      490        C         0
                text11                              4C6      4C6       17         0
                text10                              611      611       BF         0
                text9                               43F      43F        7         0
                text8                               446      446        7         0
                text7                               44D      44D        7         0
                text6                               454      454        7         0
                text5                               45B      45B        7         0
                text4                               576      576       9B         0
                text3                               4FD      4FD       24         0
                text2                               4DD      4DD       20         0
                text1                               462      462        7         0
                maintext                            6D0      6D0      128         0

        CLASS   STRCODE        

        CLASS   STRING         

        CLASS   CONST          

        CLASS   ENTRY          

        CLASS   COMMON         
                cstackCOMMON                         70       70        D         1

        CLASS   BANK0          
                cstackBANK0                          20       20        A         1
                bssBANK0                             2A       2A        2         1

        CLASS   BANK1          

        CLASS   BANK2          

        CLASS   BANK3          

        CLASS   RAM            

        CLASS   ABS1           
                abs_s1                               7E       7E        2         1

        CLASS   SFR0           

        CLASS   SFR1           

        CLASS   SFR2           

        CLASS   SFR3           

        CLASS   CONFIG         
                config                             2007     2007        1         4

        CLASS   IDLOC          

        CLASS   EEDATA         

        CLASS   HEAP           

        CLASS   STACK          



SEGMENTS        Name                           Load    Length   Top    Selector   Space  Class     Delta

                reset_vec                      000000  000003  000003         0       0  CODE        2
                cstackBANK0                    000020  00000C  00002C        20       1  BANK0       1
                cstackCOMMON                   000070  00000D  00007D        70       1  COMMON      1
                text9                          00043F  000007  000446       87E       0  CODE        2
                text8                          000446  000007  00044D       88C       0  CODE        2
                text7                          00044D  000007  000454       89A       0  CODE        2
                text6                          000454  000007  00045B       8A8       0  CODE        2
                text5                          00045B  000007  000462       8B6       0  CODE        2
                text1                          000462  000007  000469       8C4       0  CODE        2
                text18                         000469  000009  000472       8D2       0  CODE        2
                text17                         000472  000009  00047B       8E4       0  CODE        2
                text13                         00047B  000009  000484       8F6       0  CODE        2
                text14                         000484  00000C  000490       908       0  CODE        2
                text12                         000490  00000C  00049C       920       0  CODE        2
                text20                         00049C  00000D  0004A9       938       0  CODE        2
                text19                         0004A9  00000D  0004B6       952       0  CODE        2
                text16                         0004B6  000010  0004C6       96C       0  CODE        2
                text11                         0004C6  000017  0004DD       98C       0  CODE        2
                text2                          0004DD  000020  0004FD       9BA       0  CODE        2
                text3                          0004FD  000024  000521       9FA       0  CODE        2
                text15                         000521  000055  000576       A42       0  CODE        2
                text4                          000576  00009B  000611       AEC       0  CODE        2
                text10                         000611  0000BF  0006D0       C22       0  CODE        2
                maintext                       0006D0  000128  0007F8       DA0       0  CODE        2
                cinit                          0007F8  000008  000800       FF0       0  CODE        2


UNUSED ADDRESS RANGES

        Name                Unused          Largest block    Delta
        BANK0            002C-006F             44           1
        BANK1            00A0-00EF             50           1
        BANK2            0110-016F             60           1
        BANK3            0190-01EF             60           1
        CODE             0003-043E            43C           2
                         0800-1FFF            800
        COMMON           007D-007D              1           1
        CONST            0003-043E            100           2
                         0800-1FFF            100
        EEDATA           2100-21FF            100           2
        ENTRY            0003-043E            100           2
                         0800-1FFF            100
        IDLOC            2000-2003              4           2
        RAM              002C-006F             44           1
                         00A0-00EF             50
                         0110-016F             60
                         0190-01EF             60
        SFR0             0000-001F             20           1
        SFR1             0080-009F             20           1
        SFR2             0100-010F             10           1
        SFR3             0180-018F             10           1
        STRCODE          0003-043E            43C           2
                         0800-1FFF           1800
        STRING           0003-043E            100           2
                         0800-1FFF            100

                                  Symbol Table

I2C_Master_Write@data             cstackCOMMON 0070
TCS34725_ReadColors@blue          cstackCOMMON 0072
TCS34725_ReadColors@green         cstackCOMMON 0071
TCS34725_ReadColors@high          cstackCOMMON 0075
TCS34725_ReadColors@low           cstackCOMMON 0074
TCS34725_ReadColors@red           cstackCOMMON 0073
_ACKDT                            (abs)        048D
_ACKEN                            (abs)        048C
_ACKSTAT                          (abs)        048E
_CCP1CON                          (abs)        0017
_CCP2CON                          (abs)        001D
_CCPR1L                           (abs)        0015
_CCPR2L                           (abs)        001B
_I2C_ACK                          text14       0484
_I2C_Master_Init                  text20       049C
_I2C_Master_RepeatedStart         text13       047B
_I2C_Master_Start                 text18       0469
_I2C_Master_Stop                  text17       0472
_I2C_Master_Wait                  text19       04A9
_I2C_Master_Write                 text16       04B6
_I2C_NACK                         text12       0490
_I2C_Read_Byte                    text11       04C6
_PEN                              (abs)        048A
_PORTB                            (abs)        0006
_PORTBbits                        (abs)        0006
_PORTD                            (abs)        0008
_PORTDbits                        (abs)        0008
_PR2                              (abs)        0092
_RCEN                             (abs)        048B
_RSEN                             (abs)        0489
_SEN                              (abs)        0488
_SSPADD                           (abs)        0093
_SSPBUF                           (abs)        0013
_SSPCON                           (abs)        0014
_SSPCON2                          (abs)        0091
_SSPIF                            (abs)        0063
_SSPSTAT                          (abs)        0094
_T2CON                            (abs)        0012
_TCS34725_Init                    text15       0521
_TCS34725_ReadColors              text10       0611
_TMR2ON                           (abs)        0092
_TRISB                            (abs)        0086
_TRISC1                           (abs)        0439
_TRISC2                           (abs)        043A
_TRISC3                           (abs)        043B
_TRISC4                           (abs)        043C
_TRISD                            (abs)        0088
__H__absolute__                   __absolute__ 0000
__Habs1                           abs1         0000
__Hbank0                          bank0        0000
__Hbank1                          bank1        0000
__Hbank2                          bank2        0000
__Hbank3                          bank3        0000
__HbssBANK0                       bssBANK0     0000
__Hcinit                          cinit        0800
__Hclrtext                        clrtext      0000
__Hcode                           code         0000
__Hcommon                         common       0000
__Hconfig                         config       2008
__HcstackBANK0                    cstackBANK0  0000
__HcstackCOMMON                   cstackCOMMON 0000
__Heeprom_data                    eeprom_data  0000
__Hend_init                       end_init     0003
__Hfunctab                        functab      0000
__Hheap                           heap         0000
__Hinit                           init         0000
__Hintentry                       intentry     0000
__Hmaintext                       maintext     0000
__Hpowerup                        powerup      0000
__Hram                            ram          0000
__Hreset_vec                      reset_vec    0000
__Hsfr0                           sfr0         0000
__Hsfr1                           sfr1         0000
__Hsfr2                           sfr2         0000
__Hsfr3                           sfr3         0000
__Hsivt                           sivt         0000
__Hspace_0                        (abs)        0800
__Hspace_1                        (abs)        007D
__Hspace_2                        (abs)        0000
__Hspace_3                        (abs)        0000
__Hspace_4                        (abs)        400F
__Hstack                          stack        0000
__Hstrings                        strings      0000
__Htext                           text         0000
__L__absolute__                   __absolute__ 0000
__Labs1                           abs1         0000
__Lbank0                          bank0        0000
__Lbank1                          bank1        0000
__Lbank2                          bank2        0000
__Lbank3                          bank3        0000
__LbssBANK0                       bssBANK0     0000
__Lcinit                          cinit        07F8
__Lclrtext                        clrtext      0000
__Lcode                           code         0000
__Lcommon                         common       0000
__Lconfig                         config       0000
__LcstackBANK0                    cstackBANK0  0000
__LcstackCOMMON                   cstackCOMMON 0000
__Leeprom_data                    eeprom_data  0000
__Lend_init                       end_init     0000
__Lfunctab                        functab      0000
__Lheap                           heap         0000
__Linit                           init         0000
__Lintentry                       intentry     0000
__Lmaintext                       maintext     0000
__Lpowerup                        powerup      0000
__Lram                            ram          0000
__Lreset_vec                      reset_vec    0000
__Lsfr0                           sfr0         0000
__Lsfr1                           sfr1         0000
__Lsfr2                           sfr2         0000
__Lsfr3                           sfr3         0000
__Lsivt                           sivt         0000
__Lspace_0                        (abs)        0000
__Lspace_1                        (abs)        0000
__Lspace_2                        (abs)        0000
__Lspace_3                        (abs)        0000
__Lspace_4                        (abs)        0000
__Lstack                          stack        0000
__Lstrings                        strings      0000
__Ltext                           text         0000
__S0                              (abs)        0800
__S1                              (abs)        007D
__S3                              (abs)        0000
___heap_hi                        (abs)        0000
___heap_lo                        (abs)        0000
___int_sp                         stack        0000
___int_stack_hi                   stack        0000
___int_stack_lo                   stack        0000
___latbits                        (abs)        0002
___sp                             stack        0000
___stack_hi                       stack        0000
___stack_lo                       stack        0000
___stackhi                        (abs)        0000
___stacklo                        (abs)        0000
__end_of_I2C_ACK                  text14       0490
__end_of_I2C_Master_Init          text20       04A9
__end_of_I2C_Master_RepeatedStart text13       0484
__end_of_I2C_Master_Start         text18       0472
__end_of_I2C_Master_Stop          text17       047B
__end_of_I2C_Master_Wait          text19       04B6
__end_of_I2C_Master_Write         text16       04C6
__end_of_I2C_NACK                 text12       049C
__end_of_I2C_Read_Byte            text11       04DD
__end_of_TCS34725_Init            text15       0576
__end_of_TCS34725_ReadColors      text10       06D0
__end_of__initialization          cinit        07FC
__end_of_controlMotorsSimplified  text4        0611
__end_of_forward                  text9        0446
__end_of_init                     text3        0521
__end_of_main                     maintext     07F8
__end_of_motorStarter             text2        04FD
__end_of_motorStop                text8        044D
__end_of_moveBack                 text1        0469
__end_of_setMotorSpeed            text7        0454
__end_of_turnLeft                 text6        045B
__end_of_turnRight                text5        0462
__initialization                  cinit        07F8
__pbssBANK0                       bssBANK0     002A
__pcstackBANK0                    cstackBANK0  0020
__pcstackCOMMON                   cstackCOMMON 0070
__pmaintext                       maintext     06D0
__ptext1                          text1        0462
__ptext10                         text10       0611
__ptext11                         text11       04C6
__ptext12                         text12       0490
__ptext13                         text13       047B
__ptext14                         text14       0484
__ptext15                         text15       0521
__ptext16                         text16       04B6
__ptext17                         text17       0472
__ptext18                         text18       0469
__ptext19                         text19       04A9
__ptext2                          text2        04DD
__ptext20                         text20       049C
__ptext3                          text3        04FD
__ptext4                          text4        0576
__ptext5                          text5        045B
__ptext6                          text6        0454
__ptext7                          text7        044D
__ptext8                          text8        0446
__ptext9                          text9        043F
_controlMotorsSimplified          text4        0576
_forward                          text9        043F
_init                             text3        04FD
_main                             maintext     06D0
_motorStarter                     text2        04DD
_motorStop                        text8        0446
_moveBack                         text1        0462
_setMotorSpeed                    text7        044D
_terminalTracker                  bssBANK0     002A
_turnLeft                         text6        0454
_turnRight                        text5        045B
btemp                             (abs)        007E
controlMotorsSimplified@center    cstackCOMMON 0077
controlMotorsSimplified@left      cstackCOMMON 0078
controlMotorsSimplified@right     cstackCOMMON 0079
end_of_initialization             cinit        07FC
intlevel0                         functab      0000
intlevel1                         functab      0000
intlevel2                         functab      0000
intlevel3                         functab      0000
intlevel4                         functab      0000
intlevel5                         functab      0000
main@blue                         cstackBANK0  0028
main@buffer                       cstackBANK0  0020
main@green                        cstackBANK0  0026
main@red                          cstackBANK0  0024
main@starter                      cstackBANK0  0022
reset_vec                         reset_vec    0000
setMotorSpeed@leftSpeed           cstackCOMMON 0070
setMotorSpeed@rightSpeed          cstackCOMMON 0072
start                             init         0000
start_initialization              cinit        07F8
wtemp0                            (abs)        007E


MODULE INFORMATION

Module		Function		Class		Link	Load	Size
i2c.c
		_I2C_Master_Wait		CODE           	04A9	0000	13
		_I2C_Master_Init		CODE           	049C	0000	13
		_I2C_Master_Stop		CODE           	0472	0000	9
		_I2C_Master_RepeatedStart		CODE           	047B	0000	9
		_I2C_Read_Byte 		CODE           	04C6	0000	23
		_I2C_ACK       		CODE           	0484	0000	12
		_I2C_Master_Write		CODE           	04B6	0000	16
		_I2C_NACK      		CODE           	0490	0000	12
		_I2C_Master_Start		CODE           	0469	0000	9

i2c.c estimated size: 116

shared
		__initialization		CODE           	07F8	0000	4

shared estimated size: 4

main.c
		_init          		CODE           	04FD	0000	36
		_motorStop     		CODE           	0446	0000	7
		_turnLeft      		CODE           	0454	0000	7
		_motorStarter  		CODE           	04DD	0000	32
		_moveBack      		CODE           	0462	0000	7
		_turnRight     		CODE           	045B	0000	7
		_main          		CODE           	06D0	0000	296
		_TCS34725_ReadColors		CODE           	0611	0000	191
		_forward       		CODE           	043F	0000	7
		_setMotorSpeed 		CODE           	044D	0000	7
		_TCS34725_Init 		CODE           	0521	0000	85
		_controlMotorsSimplified		CODE           	0576	0000	155

main.c estimated size: 837

